// Jest Snapshot v1, https://goo.gl/fbAQLP

exports[`Linear Progression snapshot linear 1`] = `
<div
  className="makeStyles-root-1"
/>
`;
